[INFO][AppLauncher]: Using device: cuda:0
[INFO][AppLauncher]: Loading experience file: /workspace/isaaclab/apps/isaaclab.python.headless.kit
[INFO]: Parsing configuration from: TwoWheeledRobot.tasks.direct.twowheeledrobot.nn_drive_env_cfg:NNDriveFixedStanceEnvCfg
[INFO]: Parsing configuration from: TwoWheeledRobot.tasks.direct.twowheeledrobot.agents.rsl_rl_nn_drive_cfg:NNDriveFixedStanceWidePPORunnerCfg
[INFO] Loading experiment from directory: /workspace/TwoWheeledRobot/logs/rsl_rl/nn_drive_fixed_stance

[36m======================================================================================[0m
[36m[1m[INFO][IsaacLab]: Logging to file: /tmp/isaaclab/logs/isaaclab_2026-10-09_09-33-51.log[0m
[36m======================================================================================[0m

[33m09:33:51 [simulation_context.py] WARNING: The `enable_external_forces_every_iteration` parameter in the PhysxCfg is set to False. If you are experiencing noisy velocities, consider enabling this flag. You may need to slightly increase the number of velocity iterations (setting it to 1 or 2 rather than 0), together with this flag, to improve the accuracy of velocity updates.[0m
[INFO]: Base environment:
	Environment device    : cuda:0
	Environment seed      : 42
	Physics step-size     : 0.001
	Rendering step-size   : 0.02
	Environment step-size : 0.015
[INFO] Generating terrains randomly took : 0.480281 seconds
[NNDriveEnv] terrain_mode=generator, ground friction static/dynamic=1.000/1.000 (per_episode)
[INFO]: Time taken for scene creation : 1.155509 seconds
[INFO]: Scene manager:  <class InteractiveScene>
	Number of environments: 1
	Environment spacing   : 2.5
	Source prim name      : /World/envs/env_0
	Global prim paths     : ['/World/ground']
	Replicate physics     : True
[INFO]: Starting the simulation. This may take a few seconds. Please wait...
[33m09:33:53 [actuator_pd.py] WARNING: The <ImplicitActuatorCfg> object has a value for 'velocity_limit'. Previously, although this value was specified, it was not getting used by implicit actuators. Since this parameter affects the simulation behavior, we continue to not use it. This parameter will be removed in the future. To set the velocity limit, please use 'velocity_limit_sim' instead.[0m
/isaac-sim/kit/python/lib/python3.11/site-packages/rsl_rl/utils/utils.py:245: UserWarning: The observation configuration dictionary 'obs_groups' must contain the 'policy' key. As an observation group with the name 'policy' was found, this is assumed to be the observation set. Consider adding the 'policy' key to the 'obs_groups' dictionary for clarity. This behavior will be removed in a future version.
  warnings.warn(
/isaac-sim/kit/python/lib/python3.11/site-packages/rsl_rl/utils/utils.py:291: UserWarning: The observation configuration dictionary 'obs_groups' must contain the 'critic' key. As the configuration for 'critic' is missing, the observations from the 'policy' set are used. Consider adding the 'critic' key to the 'obs_groups' dictionary for clarity. This behavior will be removed in a future version.
  warnings.warn(
[INFO]: Time taken for simulation start : 0.683296 seconds
[INFO]: Completed setting up the environment...
[StandupEnv] CyberGear PhysX limit readback verified [fl, fr, bl, br]: lower=[-10.0, -90.0, -90.0, -10.0]°, upper=[90.0, 10.0, 10.0, 90.0]°
[StandupEnv] num_envs=1  obs=13  act=2  episode=20 s  success_required=1000000000 steps  cg_gains=fixed  wheel_actuator=mujoco_torque
[PureNNBalanceEnv] pure NN current controller active, dt=0.015s, obs=13, act=2, I_max=2.00A, curriculum_stage=1
ACTIVE RANDOMIZATION SUMMARY
motor gain: active, range (0.97, 1.03)
motor deadzone: active, range (0.031, 0.078) A
obs delay: values (0, 1) policy steps
action delay: values (0, 1) policy steps
wheel viscous damping: active, range (0.006, 0.014) Nm*s/rad
ground static/dynamic friction: active per-episode on the robot material (see below)
mass/COM/inertia/wheel radius: inactive
NN DRIVE EXTRA RANDOMIZATION
body mass/inertia scale: active, range (0.85, 1.15)
platform COM offset: active, y (fore/aft) (0.0, 0.0) m, z (-0.01, 0.015) m
odometry scale (obs): active, range (0.97, 1.03)
pitch-rate gyro bias: active, range (-0.03, 0.03) rad/s
yaw-rate gyro bias: active, range (-0.03, 0.03) rad/s
cybergear kp/kd: active, ranges (30.0, 30.0) / (3.0, 3.0)
cybergear calibration bias: active, range (-0.017453292519943295, 0.017453292519943295) rad
force noise: active, amp (0.0, 0.6) N
contact friction: active per-episode (effective tire/floor), static (0.44182803953736516, 0.44182803953736516), dynamic (0.20625268880566675, 0.20625268880566675) (dynamic <= static), pool of 64
prev-current observation source: command
observation delay mode: sensors
obs delay steps: (0, 1), action delay steps: (0, 1)
[NNDriveEnv] joystick drive controller active, dt=0.015s, obs=13, act=2, terrain=generator, curriculum_stage=1, leg_actions=fixed, v_max=0.15 m/s, w_max=0.00 rad/s
[PureNNBalanceEnv] reset randomization sample #1
  env_ids=[0]
  wheel_viscous_damping_LR=[[0.008072027005255222, 0.006073946598917246]]
  motor_gain_LR=[[1.0252286195755005, 0.9757993817329407]]
  motor_deadzone_LR=[[0.06301914900541306, 0.06745866686105728]]
[INFO]: Loading model checkpoint from: /workspace/TwoWheeledRobot/logs/rsl_rl/nn_drive_fixed_stance/2026-10-09_08-35-47_mlp_completed_oldplant_floor005_s42_20261009T060435Z_stage5/model_1122.pt
--------------------------------------------------------------------------------
Resolved observation sets: 
	 policy :  ['policy']
	 critic :  ['policy']
--------------------------------------------------------------------------------
Actor MLP: MLP(
  (0): Linear(in_features=13, out_features=145, bias=True)
  (1): ReLU()
  (2): Linear(in_features=145, out_features=145, bias=True)
  (3): ReLU()
  (4): Linear(in_features=145, out_features=2, bias=True)
)
Critic MLP: MLP(
  (0): Linear(in_features=13, out_features=128, bias=True)
  (1): ReLU()
  (2): Linear(in_features=128, out_features=128, bias=True)
  (3): ReLU()
  (4): Linear(in_features=128, out_features=1, bias=True)
)
[INFO]: JIT policy exported to: /workspace/TwoWheeledRobot/logs/rsl_rl/nn_drive_fixed_stance/2026-10-09_08-35-47_mlp_completed_oldplant_floor005_s42_20261009T060435Z_stage5/exported/policy.pt
[INFO]: ONNX policy exported to: /workspace/TwoWheeledRobot/logs/rsl_rl/nn_drive_fixed_stance/2026-10-09_08-35-47_mlp_completed_oldplant_floor005_s42_20261009T060435Z_stage5/exported/policy.onnx
[INFO]: Simulation running. Press Ctrl+C to stop.
[33m09:33:53 [articulation.py] WARNING: The function 'set_external_force_and_torque' will be deprecated in a future release. Please use 'permanent_wrench_composer.set_forces_and_torques' instead.[0m
[INFO]: Reached 1 steps — stopping.
Loading user config located at: '/isaac-sim/kit/data/Kit/Isaac-Sim/5.1/user.config.json'
[Info] [carb] Logging to file: /isaac-sim/kit/logs/Kit/Isaac-Sim/5.1/kit_20261009_093347.log
2026-10-09T09:33:47Z [0ms] [Warning] [carb.crashreporter-breakpad.plugin] [previous crash] preventing upload of minidump due to user opt-out: '/isaac-sim/kit/data/Kit/Isaac-Sim/5.1/da9b1c73-a72f-4a67-9a36bc84-951609bb.dmp'
2026-10-09T09:33:47Z [1ms] [Warning] [carb.crashreporter-breakpad.plugin] [previous crash] preventing upload of minidump due to user opt-out: '/isaac-sim/kit/data/Kit/Isaac-Sim/5.1/8e927a3f-1ce7-4581-9e726ca8-b08c1cf6.dmp'
2026-10-09T09:33:47Z [1ms] [Warning] [carb.crashreporter-breakpad.plugin] [previous crash] preventing upload of minidump due to user opt-out: '/isaac-sim/kit/data/Kit/Isaac-Sim/5.1/6f80bc5e-e765-443d-2ac9eaa7-e1acb803.dmp'
2026-10-09T09:33:47Z [1ms] [Warning] [carb.crashreporter-breakpad.plugin] [previous crash] preventing upload of minidump due to user opt-out: '/isaac-sim/kit/data/Kit/Isaac-Sim/5.1/43af6bb7-1f69-4ca5-4b04d890-41b5b5ff.dmp'
2026-10-09T09:33:47Z [1ms] [Warning] [carb.crashreporter-breakpad.plugin] [previous crash] preventing upload of minidump due to user opt-out: '/isaac-sim/kit/data/Kit/Isaac-Sim/5.1/a45998c3-2d2c-48e6-cca90b98-e40bf0f7.dmp'
2026-10-09T09:33:47Z [279ms] [Warning] [omni.usd_config.extension] Enable omni.materialx.libs extension to use MaterialX
2026-10-09T09:33:47Z [559ms] [Warning] [carb] Acquiring non optional plugin interface which is not listed as dependency: [omni::physx::IPhysxBenchmarks v1.0] (plugin: <default plugin>), by client: omni.physics.physx.plugin. Add it to CARB_PLUGIN_IMPL_DEPS() macro of a client.
2026-10-09T09:33:47Z [695ms] [Warning] [omni.isaac.dynamic_control] omni.isaac.dynamic_control is deprecated as of Isaac Sim 4.5. No action is needed from end-users.

|---------------------------------------------------------------------------------------------|
| Driver Version: 580.178.04    | Graphics API: Vulkan
|=============================================================================================|
| GPU | Name                             | Active | LDA | GPU Memory | Vendor-ID | LUID       |
|     |                                  |        |     |            | Device-ID | UUID       |
|     |                                  |        |     |            | Bus-ID    |            |
|---------------------------------------------------------------------------------------------|
| 0   | NVIDIA GeForce RTX 5080          | Yes: 0 |     | 16549   MB | 10de      | 0          |
|     |                                  |        |     |            | 2c02      | 8bf44253.. |
|     |                                  |        |     |            | 1         |            |
|=============================================================================================|
| OS: 24.04.2 LTS (Noble Numbat) ubuntu, Version: 24.04.2, Kernel: 7.0.0-38-generic
| XServer Vendor: The X.Org Foundation, XServer Version: 12302006 (1.23.2.6)
| Processor: Intel(R) Core(TM) i9-14900KF
| Bare Metal Cores: 24 | Bare Metal Logical Cores: 48
| Available Cores:  32 
|---------------------------------------------------------------------------------------------|
| Total Memory (MB): 64117 | Free Memory: 48979
| Total Page/Swap (MB): 8191 | Free Page/Swap: 0
|---------------------------------------------------------------------------------------------|
2026-10-09T09:33:50Z [2,713ms] [Warning] [gpu.foundation.plugin] CPU performance profile is set to powersave. This profile sets the CPU to the lowest frequency reducing performance.
2026-10-09T09:33:50Z [2,721ms] [Warning] [gpu.foundation.plugin] IOMMU is enabled.
