C:/Users/jon/OneDrive - Univerza v Mariboru/Dokumenti/GitHub/BipedRobot/STM32_Jumping_Robot_VS_Code_Project/Diablo_robot_source/Core/Src/main.c:95:5:main	1
C:/Users/jon/OneDrive - Univerza v Mariboru/Dokumenti/GitHub/BipedRobot/STM32_Jumping_Robot_VS_Code_Project/Diablo_robot_source/Core/Src/main.c:153:6:SystemClock_Config	3
C:/Users/jon/OneDrive - Univerza v Mariboru/Dokumenti/GitHub/BipedRobot/STM32_Jumping_Robot_VS_Code_Project/Diablo_robot_source/Core/Src/main.c:201:13:MX_CAN1_Init	2
C:/Users/jon/OneDrive - Univerza v Mariboru/Dokumenti/GitHub/BipedRobot/STM32_Jumping_Robot_VS_Code_Project/Diablo_robot_source/Core/Src/main.c:238:13:MX_I2C3_Init	2
C:/Users/jon/OneDrive - Univerza v Mariboru/Dokumenti/GitHub/BipedRobot/STM32_Jumping_Robot_VS_Code_Project/Diablo_robot_source/Core/Src/main.c:272:13:MX_SPI2_Init	2
C:/Users/jon/OneDrive - Univerza v Mariboru/Dokumenti/GitHub/BipedRobot/STM32_Jumping_Robot_VS_Code_Project/Diablo_robot_source/Core/Src/main.c:310:13:MX_TIM3_Init	4
C:/Users/jon/OneDrive - Univerza v Mariboru/Dokumenti/GitHub/BipedRobot/STM32_Jumping_Robot_VS_Code_Project/Diablo_robot_source/Core/Src/main.c:355:13:MX_TIM4_Init	4
C:/Users/jon/OneDrive - Univerza v Mariboru/Dokumenti/GitHub/BipedRobot/STM32_Jumping_Robot_VS_Code_Project/Diablo_robot_source/Core/Src/main.c:400:13:MX_UART5_Init	2
C:/Users/jon/OneDrive - Univerza v Mariboru/Dokumenti/GitHub/BipedRobot/STM32_Jumping_Robot_VS_Code_Project/Diablo_robot_source/Core/Src/main.c:433:13:MX_USART1_UART_Init	2
C:/Users/jon/OneDrive - Univerza v Mariboru/Dokumenti/GitHub/BipedRobot/STM32_Jumping_Robot_VS_Code_Project/Diablo_robot_source/Core/Src/main.c:466:13:MX_USART3_UART_Init	2
C:/Users/jon/OneDrive - Univerza v Mariboru/Dokumenti/GitHub/BipedRobot/STM32_Jumping_Robot_VS_Code_Project/Diablo_robot_source/Core/Src/main.c:499:13:MX_USART6_UART_Init	2
C:/Users/jon/OneDrive - Univerza v Mariboru/Dokumenti/GitHub/BipedRobot/STM32_Jumping_Robot_VS_Code_Project/Diablo_robot_source/Core/Src/main.c:530:13:MX_DMA_Init	1
C:/Users/jon/OneDrive - Univerza v Mariboru/Dokumenti/GitHub/BipedRobot/STM32_Jumping_Robot_VS_Code_Project/Diablo_robot_source/Core/Src/main.c:561:13:MX_GPIO_Init	1
C:/Users/jon/OneDrive - Univerza v Mariboru/Dokumenti/GitHub/BipedRobot/STM32_Jumping_Robot_VS_Code_Project/Diablo_robot_source/Core/Src/main.c:651:6:HAL_CAN_RxFifo0MsgPendingCallback	1
C:/Users/jon/OneDrive - Univerza v Mariboru/Dokumenti/GitHub/BipedRobot/STM32_Jumping_Robot_VS_Code_Project/Diablo_robot_source/Core/Src/main.c:656:6:HAL_UART_RxCpltCallback	1
C:/Users/jon/OneDrive - Univerza v Mariboru/Dokumenti/GitHub/BipedRobot/STM32_Jumping_Robot_VS_Code_Project/Diablo_robot_source/Core/Src/main.c:661:6:HAL_UARTEx_RxEventCallback	1
C:/Users/jon/OneDrive - Univerza v Mariboru/Dokumenti/GitHub/BipedRobot/STM32_Jumping_Robot_VS_Code_Project/Diablo_robot_source/Core/Src/main.c:666:6:HAL_TIM_PeriodElapsedCallback	1
C:/Users/jon/OneDrive - Univerza v Mariboru/Dokumenti/GitHub/BipedRobot/STM32_Jumping_Robot_VS_Code_Project/Diablo_robot_source/Core/Src/main.c:671:6:HAL_UART_TxCpltCallback	1
C:/Users/jon/OneDrive - Univerza v Mariboru/Dokumenti/GitHub/BipedRobot/STM32_Jumping_Robot_VS_Code_Project/Diablo_robot_source/Core/Src/main.c:682:6:Error_Handler	1
