../Core/Src/main.c:351:5:main	64	static
../Core/Src/main.c:786:6:SystemClock_Config	88	static
../Core/Src/main.c:834:13:MX_CAN1_Init	8	static
../Core/Src/main.c:871:13:MX_CRC_Init	8	static
../Core/Src/main.c:897:13:MX_I2C3_Init	8	static
../Core/Src/main.c:931:13:MX_SPI2_Init	8	static
../Core/Src/main.c:969:13:MX_TIM2_Init	32	static
../Core/Src/main.c:1014:13:MX_TIM3_Init	32	static
../Core/Src/main.c:1059:13:MX_TIM4_Init	32	static
../Core/Src/main.c:1104:13:MX_UART5_Init	8	static
../Core/Src/main.c:1137:13:MX_USART1_UART_Init	8	static
../Core/Src/main.c:1170:13:MX_USART2_UART_Init	8	static
../Core/Src/main.c:1203:13:MX_USART3_UART_Init	8	static
../Core/Src/main.c:1236:13:MX_USART6_UART_Init	8	static
../Core/Src/main.c:1267:13:MX_DMA_Init	16	static
../Core/Src/main.c:1304:13:MX_GPIO_Init	48	static
../Core/Src/main.c:1387:6:HAL_CAN_RxFifo0MsgPendingCallback	64	static
../Core/Src/main.c:1482:6:HAL_UART_RxCpltCallback	16	static
../Core/Src/main.c:1518:6:HAL_UARTEx_RxEventCallback	32	static
../Core/Src/main.c:1595:6:HAL_TIM_PeriodElapsedCallback	16	static
../Core/Src/main.c:1641:6:HAL_UART_TxCpltCallback	16	static
../Core/Src/main.c:1653:6:ANN_Init	16	static
../Core/Src/main.c:1779:6:ANN_Run	168	static
../Core/Src/main.c:2006:13:CyberGear_IndexBenchTest	16	static
../Core/Src/main.c:2065:14:clamp_float	24	static
../Core/Src/main.c:2076:14:wrap_pi	16	static
../Core/Src/main.c:2090:13:MET_Update	24	static
../Core/Src/main.c:2186:13:LOG_Update	16	static
../Core/Src/main.c:2220:6:Error_Handler	4	static,ignoring_inline_asm
