../Core/Src/main.c:169:5:main	168	static
../Core/Src/main.c:469:6:SystemClock_Config	88	static
../Core/Src/main.c:517:13:MX_CAN1_Init	8	static
../Core/Src/main.c:554:13:MX_I2C3_Init	8	static
../Core/Src/main.c:588:13:MX_SPI2_Init	8	static
../Core/Src/main.c:626:13:MX_TIM2_Init	32	static
../Core/Src/main.c:671:13:MX_TIM3_Init	32	static
../Core/Src/main.c:716:13:MX_TIM4_Init	32	static
../Core/Src/main.c:761:13:MX_UART5_Init	8	static
../Core/Src/main.c:794:13:MX_USART1_UART_Init	8	static
../Core/Src/main.c:827:13:MX_USART2_UART_Init	8	static
../Core/Src/main.c:860:13:MX_USART3_UART_Init	8	static
../Core/Src/main.c:893:13:MX_USART6_UART_Init	8	static
../Core/Src/main.c:924:13:MX_DMA_Init	16	static
../Core/Src/main.c:961:13:MX_GPIO_Init	48	static
../Core/Src/main.c:1044:6:HAL_CAN_RxFifo0MsgPendingCallback	64	static
../Core/Src/main.c:1139:6:HAL_UART_RxCpltCallback	16	static
../Core/Src/main.c:1175:6:HAL_UARTEx_RxEventCallback	32	static
../Core/Src/main.c:1248:6:HAL_TIM_PeriodElapsedCallback	16	static
../Core/Src/main.c:1300:6:HAL_UART_TxCpltCallback	16	static
../Core/Src/main.c:1316:6:Error_Handler	4	static,ignoring_inline_asm
