../Core/Src/main.c:244:5:main	64	static
../Core/Src/main.c:601:6:SystemClock_Config	88	static
../Core/Src/main.c:649:13:MX_CAN1_Init	8	static
../Core/Src/main.c:686:13:MX_CRC_Init	8	static
../Core/Src/main.c:712:13:MX_I2C3_Init	8	static
../Core/Src/main.c:746:13:MX_SPI2_Init	8	static
../Core/Src/main.c:784:13:MX_TIM2_Init	32	static
../Core/Src/main.c:829:13:MX_TIM3_Init	32	static
../Core/Src/main.c:874:13:MX_TIM4_Init	32	static
../Core/Src/main.c:919:13:MX_UART5_Init	8	static
../Core/Src/main.c:952:13:MX_USART1_UART_Init	8	static
../Core/Src/main.c:985:13:MX_USART2_UART_Init	8	static
../Core/Src/main.c:1018:13:MX_USART3_UART_Init	8	static
../Core/Src/main.c:1051:13:MX_USART6_UART_Init	8	static
../Core/Src/main.c:1082:13:MX_DMA_Init	16	static
../Core/Src/main.c:1119:13:MX_GPIO_Init	48	static
../Core/Src/main.c:1202:6:HAL_CAN_RxFifo0MsgPendingCallback	64	static
../Core/Src/main.c:1297:6:HAL_UART_RxCpltCallback	16	static
../Core/Src/main.c:1333:6:HAL_UARTEx_RxEventCallback	32	static
../Core/Src/main.c:1406:6:HAL_TIM_PeriodElapsedCallback	16	static
../Core/Src/main.c:1452:6:HAL_UART_TxCpltCallback	16	static
../Core/Src/main.c:1464:6:ANN_Init	16	static
../Core/Src/main.c:1494:6:ANN_Run	80	static
../Core/Src/main.c:1584:14:clamp_float	24	static
../Core/Src/main.c:1595:14:wrap_pi	16	static
../Core/Src/main.c:1609:13:MET_Update	24	static
../Core/Src/main.c:1705:13:LOG_Update	16	static
../Core/Src/main.c:1730:6:Error_Handler	4	static,ignoring_inline_asm
