../Core/Src/main.c:182:5:main	200	static
../Core/Src/main.c:526:6:SystemClock_Config	88	static
../Core/Src/main.c:574:13:MX_CAN1_Init	8	static
../Core/Src/main.c:611:13:MX_CRC_Init	8	static
../Core/Src/main.c:637:13:MX_I2C3_Init	8	static
../Core/Src/main.c:671:13:MX_SPI2_Init	8	static
../Core/Src/main.c:709:13:MX_TIM2_Init	32	static
../Core/Src/main.c:754:13:MX_TIM3_Init	32	static
../Core/Src/main.c:799:13:MX_TIM4_Init	32	static
../Core/Src/main.c:844:13:MX_UART5_Init	8	static
../Core/Src/main.c:877:13:MX_USART1_UART_Init	8	static
../Core/Src/main.c:910:13:MX_USART2_UART_Init	8	static
../Core/Src/main.c:943:13:MX_USART3_UART_Init	8	static
../Core/Src/main.c:976:13:MX_USART6_UART_Init	8	static
../Core/Src/main.c:1007:13:MX_DMA_Init	16	static
../Core/Src/main.c:1044:13:MX_GPIO_Init	48	static
../Core/Src/main.c:1127:6:HAL_CAN_RxFifo0MsgPendingCallback	64	static
../Core/Src/main.c:1222:6:HAL_UART_RxCpltCallback	16	static
../Core/Src/main.c:1258:6:HAL_UARTEx_RxEventCallback	32	static
../Core/Src/main.c:1331:6:HAL_TIM_PeriodElapsedCallback	16	static
../Core/Src/main.c:1377:6:HAL_UART_TxCpltCallback	16	static
../Core/Src/main.c:1389:6:ANN_Init	24	static
../Core/Src/main.c:1403:6:ANN_Run	24	static
../Core/Src/main.c:1443:6:Error_Handler	4	static,ignoring_inline_asm
