../Core/Src/main.c:375:5:main	200	static
../Core/Src/main.c:824:6:SystemClock_Config	88	static
../Core/Src/main.c:872:13:MX_CAN1_Init	8	static
../Core/Src/main.c:909:13:MX_I2C3_Init	8	static
../Core/Src/main.c:943:13:MX_SPI2_Init	8	static
../Core/Src/main.c:981:13:MX_TIM3_Init	32	static
../Core/Src/main.c:1026:13:MX_TIM4_Init	32	static
../Core/Src/main.c:1071:13:MX_UART5_Init	8	static
../Core/Src/main.c:1104:13:MX_USART1_UART_Init	8	static
../Core/Src/main.c:1137:13:MX_USART3_UART_Init	8	static
../Core/Src/main.c:1170:13:MX_USART6_UART_Init	8	static
../Core/Src/main.c:1201:13:MX_DMA_Init	16	static
../Core/Src/main.c:1232:13:MX_GPIO_Init	48	static
../Core/Src/main.c:1323:6:HAL_CAN_RxFifo0MsgPendingCallback	64	static
../Core/Src/main.c:1418:6:HAL_UART_RxCpltCallback	16	static
../Core/Src/main.c:1445:6:HAL_UARTEx_RxEventCallback	32	static
../Core/Src/main.c:1518:6:HAL_TIM_PeriodElapsedCallback	16	static
../Core/Src/main.c:1536:6:calculate_cascaded_motor_currents	136	static
../Core/Src/main.c:1669:6:update_base_state_estimates	48	static
../Core/Src/main.c:1729:6:init_leg_state	16	static
../Core/Src/main.c:1737:13:solveIKTwoSolutions_c	96	static
../Core/Src/main.c:1763:13:chooseContinuousSolution_c	48	static
../Core/Src/main.c:1779:6:set_leg_foot_position	120	static
../Core/Src/main.c:1830:6:HAL_UART_TxCpltCallback	16	static
../Core/Src/main.c:1846:6:Error_Handler	4	static,ignoring_inline_asm
