../Core/Src/main.c:307:5:main	64	static
../Core/Src/main.c:678:6:SystemClock_Config	88	static
../Core/Src/main.c:726:13:MX_CAN1_Init	8	static
../Core/Src/main.c:763:13:MX_CRC_Init	8	static
../Core/Src/main.c:789:13:MX_I2C3_Init	8	static
../Core/Src/main.c:825:13:MX_SPI2_Init	8	static
../Core/Src/main.c:863:13:MX_TIM2_Init	32	static
../Core/Src/main.c:908:13:MX_TIM3_Init	32	static
../Core/Src/main.c:953:13:MX_TIM4_Init	32	static
../Core/Src/main.c:998:13:MX_UART5_Init	8	static
../Core/Src/main.c:1031:13:MX_USART1_UART_Init	8	static
../Core/Src/main.c:1064:13:MX_USART2_UART_Init	8	static
../Core/Src/main.c:1097:13:MX_USART3_UART_Init	8	static
../Core/Src/main.c:1130:13:MX_USART6_UART_Init	8	static
../Core/Src/main.c:1161:13:MX_DMA_Init	16	static
../Core/Src/main.c:1198:13:MX_GPIO_Init	48	static
../Core/Src/main.c:1281:6:HAL_CAN_RxFifo0MsgPendingCallback	64	static
../Core/Src/main.c:1376:6:HAL_UART_RxCpltCallback	16	static
../Core/Src/main.c:1412:6:HAL_UARTEx_RxEventCallback	32	static
../Core/Src/main.c:1490:6:HAL_TIM_PeriodElapsedCallback	16	static
../Core/Src/main.c:1536:6:HAL_UART_TxCpltCallback	16	static
../Core/Src/main.c:1548:6:ANN_Init	16	static
../Core/Src/main.c:1578:6:ANN_Run	80	static
../Core/Src/main.c:1668:14:clamp_float	24	static
../Core/Src/main.c:1679:14:wrap_pi	16	static
../Core/Src/main.c:1693:13:MET_Update	24	static
../Core/Src/main.c:1789:13:LOG_Update	16	static
../Core/Src/main.c:1813:13:IMU_UpdateFromBNO	48	static
../Core/Src/main.c:1867:6:HAL_GPIO_EXTI_Callback	16	static
../Core/Src/main.c:1880:6:Error_Handler	4	static,ignoring_inline_asm
