../Core/Src/main.c:157:5:main	128	static
../Core/Src/main.c:498:6:SystemClock_Config	88	static
../Core/Src/main.c:546:13:MX_CAN1_Init	8	static
../Core/Src/main.c:583:13:MX_I2C3_Init	8	static
../Core/Src/main.c:617:13:MX_SPI2_Init	8	static
../Core/Src/main.c:655:13:MX_TIM3_Init	32	static
../Core/Src/main.c:700:13:MX_TIM4_Init	32	static
../Core/Src/main.c:745:13:MX_UART5_Init	8	static
../Core/Src/main.c:778:13:MX_USART1_UART_Init	8	static
../Core/Src/main.c:811:13:MX_USART3_UART_Init	8	static
../Core/Src/main.c:844:13:MX_USART6_UART_Init	8	static
../Core/Src/main.c:875:13:MX_DMA_Init	16	static
../Core/Src/main.c:906:13:MX_GPIO_Init	48	static
../Core/Src/main.c:997:6:HAL_CAN_RxFifo0MsgPendingCallback	64	static
../Core/Src/main.c:1092:6:HAL_UART_RxCpltCallback	16	static
../Core/Src/main.c:1119:6:HAL_UARTEx_RxEventCallback	32	static
../Core/Src/main.c:1192:6:HAL_TIM_PeriodElapsedCallback	16	static
../Core/Src/main.c:1239:6:HAL_UART_TxCpltCallback	16	static
../Core/Src/main.c:1255:6:Error_Handler	4	static,ignoring_inline_asm
