../Core/Src/main.c:310:5:main	64	static
../Core/Src/main.c:722:6:SystemClock_Config	88	static
../Core/Src/main.c:770:13:MX_CAN1_Init	8	static
../Core/Src/main.c:807:13:MX_CRC_Init	8	static
../Core/Src/main.c:833:13:MX_I2C3_Init	8	static
../Core/Src/main.c:867:13:MX_SPI2_Init	8	static
../Core/Src/main.c:905:13:MX_TIM2_Init	32	static
../Core/Src/main.c:950:13:MX_TIM3_Init	32	static
../Core/Src/main.c:995:13:MX_TIM4_Init	32	static
../Core/Src/main.c:1040:13:MX_UART5_Init	8	static
../Core/Src/main.c:1073:13:MX_USART1_UART_Init	8	static
../Core/Src/main.c:1106:13:MX_USART2_UART_Init	8	static
../Core/Src/main.c:1139:13:MX_USART3_UART_Init	8	static
../Core/Src/main.c:1172:13:MX_USART6_UART_Init	8	static
../Core/Src/main.c:1203:13:MX_DMA_Init	16	static
../Core/Src/main.c:1240:13:MX_GPIO_Init	48	static
../Core/Src/main.c:1323:6:HAL_CAN_RxFifo0MsgPendingCallback	64	static
../Core/Src/main.c:1418:6:HAL_UART_RxCpltCallback	16	static
../Core/Src/main.c:1454:6:HAL_UARTEx_RxEventCallback	32	static
../Core/Src/main.c:1527:6:HAL_TIM_PeriodElapsedCallback	16	static
../Core/Src/main.c:1573:6:HAL_UART_TxCpltCallback	16	static
../Core/Src/main.c:1585:6:ANN_Init	16	static
../Core/Src/main.c:1711:6:ANN_Run	136	static
../Core/Src/main.c:1887:13:CyberGear_IndexBenchTest	16	static
../Core/Src/main.c:1946:14:clamp_float	24	static
../Core/Src/main.c:1957:14:wrap_pi	16	static
../Core/Src/main.c:1971:13:MET_Update	24	static
../Core/Src/main.c:2067:13:LOG_Update	16	static
../Core/Src/main.c:2101:6:Error_Handler	4	static,ignoring_inline_asm
