../Core/Src/main.c:169:5:main	184	static
../Core/Src/main.c:463:6:SystemClock_Config	88	static
../Core/Src/main.c:511:13:MX_CAN1_Init	8	static
../Core/Src/main.c:548:13:MX_I2C3_Init	8	static
../Core/Src/main.c:582:13:MX_SPI2_Init	8	static
../Core/Src/main.c:620:13:MX_TIM2_Init	32	static
../Core/Src/main.c:665:13:MX_TIM3_Init	32	static
../Core/Src/main.c:710:13:MX_TIM4_Init	32	static
../Core/Src/main.c:755:13:MX_UART5_Init	8	static
../Core/Src/main.c:788:13:MX_USART1_UART_Init	8	static
../Core/Src/main.c:821:13:MX_USART2_UART_Init	8	static
../Core/Src/main.c:854:13:MX_USART3_UART_Init	8	static
../Core/Src/main.c:887:13:MX_USART6_UART_Init	8	static
../Core/Src/main.c:918:13:MX_DMA_Init	16	static
../Core/Src/main.c:955:13:MX_GPIO_Init	48	static
../Core/Src/main.c:1038:6:HAL_CAN_RxFifo0MsgPendingCallback	64	static
../Core/Src/main.c:1133:6:HAL_UART_RxCpltCallback	16	static
../Core/Src/main.c:1169:6:HAL_UARTEx_RxEventCallback	32	static
../Core/Src/main.c:1242:6:HAL_TIM_PeriodElapsedCallback	16	static
../Core/Src/main.c:1294:6:HAL_UART_TxCpltCallback	16	static
../Core/Src/main.c:1310:6:Error_Handler	4	static,ignoring_inline_asm
