../Core/Src/main.c:347:5:main	64	static
../Core/Src/main.c:770:6:SystemClock_Config	88	static
../Core/Src/main.c:818:13:MX_CAN1_Init	8	static
../Core/Src/main.c:855:13:MX_CRC_Init	8	static
../Core/Src/main.c:881:13:MX_I2C3_Init	8	static
../Core/Src/main.c:915:13:MX_SPI2_Init	8	static
../Core/Src/main.c:953:13:MX_TIM2_Init	32	static
../Core/Src/main.c:998:13:MX_TIM3_Init	32	static
../Core/Src/main.c:1043:13:MX_TIM4_Init	32	static
../Core/Src/main.c:1088:13:MX_UART5_Init	8	static
../Core/Src/main.c:1121:13:MX_USART1_UART_Init	8	static
../Core/Src/main.c:1154:13:MX_USART2_UART_Init	8	static
../Core/Src/main.c:1187:13:MX_USART3_UART_Init	8	static
../Core/Src/main.c:1220:13:MX_USART6_UART_Init	8	static
../Core/Src/main.c:1251:13:MX_DMA_Init	16	static
../Core/Src/main.c:1288:13:MX_GPIO_Init	48	static
../Core/Src/main.c:1371:6:HAL_CAN_RxFifo0MsgPendingCallback	64	static
../Core/Src/main.c:1466:6:HAL_UART_RxCpltCallback	16	static
../Core/Src/main.c:1502:6:HAL_UARTEx_RxEventCallback	32	static
../Core/Src/main.c:1575:6:HAL_TIM_PeriodElapsedCallback	16	static
../Core/Src/main.c:1621:6:HAL_UART_TxCpltCallback	16	static
../Core/Src/main.c:1633:6:ANN_Init	16	static
../Core/Src/main.c:1759:6:ANN_Run	168	static
../Core/Src/main.c:1986:13:CyberGear_IndexBenchTest	16	static
../Core/Src/main.c:2045:14:clamp_float	24	static
../Core/Src/main.c:2056:14:wrap_pi	16	static
../Core/Src/main.c:2070:13:MET_Update	24	static
../Core/Src/main.c:2166:13:LOG_Update	16	static
../Core/Src/main.c:2200:6:Error_Handler	4	static,ignoring_inline_asm
