../Core/Src/main.c:177:5:main	200	static
../Core/Src/main.c:626:6:SystemClock_Config	88	static
../Core/Src/main.c:674:13:MX_CAN1_Init	8	static
../Core/Src/main.c:711:13:MX_I2C3_Init	8	static
../Core/Src/main.c:745:13:MX_SPI2_Init	8	static
../Core/Src/main.c:783:13:MX_TIM3_Init	32	static
../Core/Src/main.c:828:13:MX_TIM4_Init	32	static
../Core/Src/main.c:873:13:MX_UART5_Init	8	static
../Core/Src/main.c:906:13:MX_USART1_UART_Init	8	static
../Core/Src/main.c:939:13:MX_USART3_UART_Init	8	static
../Core/Src/main.c:972:13:MX_USART6_UART_Init	8	static
../Core/Src/main.c:1003:13:MX_DMA_Init	16	static
../Core/Src/main.c:1034:13:MX_GPIO_Init	48	static
../Core/Src/main.c:1125:6:HAL_CAN_RxFifo0MsgPendingCallback	64	static
../Core/Src/main.c:1220:6:HAL_UART_RxCpltCallback	16	static
../Core/Src/main.c:1247:6:HAL_UARTEx_RxEventCallback	32	static
../Core/Src/main.c:1320:6:HAL_TIM_PeriodElapsedCallback	16	static
../Core/Src/main.c:1367:6:HAL_UART_TxCpltCallback	16	static
../Core/Src/main.c:1383:6:Error_Handler	4	static,ignoring_inline_asm
