../Core/Src/main.c:158:5:main	17
../Core/Src/main.c:437:6:SystemClock_Config	3
../Core/Src/main.c:485:13:MX_CAN1_Init	2
../Core/Src/main.c:522:13:MX_I2C3_Init	2
../Core/Src/main.c:556:13:MX_SPI2_Init	2
../Core/Src/main.c:594:13:MX_TIM3_Init	4
../Core/Src/main.c:639:13:MX_TIM4_Init	4
../Core/Src/main.c:684:13:MX_UART5_Init	2
../Core/Src/main.c:717:13:MX_USART1_UART_Init	2
../Core/Src/main.c:750:13:MX_USART3_UART_Init	2
../Core/Src/main.c:783:13:MX_USART6_UART_Init	2
../Core/Src/main.c:814:13:MX_DMA_Init	1
../Core/Src/main.c:845:13:MX_GPIO_Init	1
../Core/Src/main.c:936:6:HAL_CAN_RxFifo0MsgPendingCallback	5
../Core/Src/main.c:1031:6:HAL_UART_RxCpltCallback	5
../Core/Src/main.c:1058:6:HAL_UARTEx_RxEventCallback	8
../Core/Src/main.c:1131:6:HAL_TIM_PeriodElapsedCallback	2
../Core/Src/main.c:1178:6:HAL_UART_TxCpltCallback	2
../Core/Src/main.c:1194:6:Error_Handler	1
