../Core/Src/main.c:216:5:main	200	static
../Core/Src/main.c:665:6:SystemClock_Config	88	static
../Core/Src/main.c:713:13:MX_CAN1_Init	8	static
../Core/Src/main.c:750:13:MX_I2C3_Init	8	static
../Core/Src/main.c:784:13:MX_SPI2_Init	8	static
../Core/Src/main.c:822:13:MX_TIM3_Init	32	static
../Core/Src/main.c:867:13:MX_TIM4_Init	32	static
../Core/Src/main.c:912:13:MX_UART5_Init	8	static
../Core/Src/main.c:945:13:MX_USART1_UART_Init	8	static
../Core/Src/main.c:978:13:MX_USART3_UART_Init	8	static
../Core/Src/main.c:1011:13:MX_USART6_UART_Init	8	static
../Core/Src/main.c:1042:13:MX_DMA_Init	16	static
../Core/Src/main.c:1073:13:MX_GPIO_Init	48	static
../Core/Src/main.c:1164:6:HAL_CAN_RxFifo0MsgPendingCallback	64	static
../Core/Src/main.c:1259:6:HAL_UART_RxCpltCallback	16	static
../Core/Src/main.c:1286:6:HAL_UARTEx_RxEventCallback	32	static
../Core/Src/main.c:1359:6:HAL_TIM_PeriodElapsedCallback	16	static
../Core/Src/main.c:1377:6:calculate_cascaded_motor_currents	136	static
../Core/Src/main.c:1512:6:init_leg_state	16	static
../Core/Src/main.c:1520:13:solveIKTwoSolutions_c	96	static
../Core/Src/main.c:1546:13:chooseContinuousSolution_c	48	static
../Core/Src/main.c:1562:6:set_leg_foot_position	120	static
../Core/Src/main.c:1613:6:HAL_UART_TxCpltCallback	16	static
../Core/Src/main.c:1629:6:Error_Handler	4	static,ignoring_inline_asm
