C:/Users/jon/OneDrive - Univerza v Mariboru/Dokumenti/GitHub/BipedRobot/STM32_Diablo_Robot_Source/.ai/run/run-3/AI/App/network.c:240:6:_stai_network_check	0	static
C:/Users/jon/OneDrive - Univerza v Mariboru/Dokumenti/GitHub/BipedRobot/STM32_Diablo_Robot_Source/.ai/run/run-3/AI/App/network.c:272:18:stai_network_init	24	static
C:/Users/jon/OneDrive - Univerza v Mariboru/Dokumenti/GitHub/BipedRobot/STM32_Diablo_Robot_Source/.ai/run/run-3/AI/App/network.c:314:18:stai_network_deinit	0	static
C:/Users/jon/OneDrive - Univerza v Mariboru/Dokumenti/GitHub/BipedRobot/STM32_Diablo_Robot_Source/.ai/run/run-3/AI/App/network.c:347:18:stai_network_run	88	static
C:/Users/jon/OneDrive - Univerza v Mariboru/Dokumenti/GitHub/BipedRobot/STM32_Diablo_Robot_Source/.ai/run/run-3/AI/App/network.c:479:11:stai_network_get_context_size	0	static
C:/Users/jon/OneDrive - Univerza v Mariboru/Dokumenti/GitHub/BipedRobot/STM32_Diablo_Robot_Source/.ai/run/run-3/AI/App/network.c:486:18:stai_network_get_info	8	static
C:/Users/jon/OneDrive - Univerza v Mariboru/Dokumenti/GitHub/BipedRobot/STM32_Diablo_Robot_Source/.ai/run/run-3/AI/App/network.c:502:18:stai_network_get_activations	12	static
C:/Users/jon/OneDrive - Univerza v Mariboru/Dokumenti/GitHub/BipedRobot/STM32_Diablo_Robot_Source/.ai/run/run-3/AI/App/network.c:517:18:stai_network_get_weights	12	static
C:/Users/jon/OneDrive - Univerza v Mariboru/Dokumenti/GitHub/BipedRobot/STM32_Diablo_Robot_Source/.ai/run/run-3/AI/App/network.c:531:18:stai_network_get_inputs	12	static
C:/Users/jon/OneDrive - Univerza v Mariboru/Dokumenti/GitHub/BipedRobot/STM32_Diablo_Robot_Source/.ai/run/run-3/AI/App/network.c:545:18:stai_network_get_outputs	12	static
C:/Users/jon/OneDrive - Univerza v Mariboru/Dokumenti/GitHub/BipedRobot/STM32_Diablo_Robot_Source/.ai/run/run-3/AI/App/network.c:559:18:stai_network_get_error	0	static
C:/Users/jon/OneDrive - Univerza v Mariboru/Dokumenti/GitHub/BipedRobot/STM32_Diablo_Robot_Source/.ai/run/run-3/AI/App/network.c:570:18:stai_network_get_states	12	static
C:/Users/jon/OneDrive - Univerza v Mariboru/Dokumenti/GitHub/BipedRobot/STM32_Diablo_Robot_Source/.ai/run/run-3/AI/App/network.c:587:18:stai_network_set_activations	16	static
C:/Users/jon/OneDrive - Univerza v Mariboru/Dokumenti/GitHub/BipedRobot/STM32_Diablo_Robot_Source/.ai/run/run-3/AI/App/network.c:617:18:stai_network_set_weights	16	static
C:/Users/jon/OneDrive - Univerza v Mariboru/Dokumenti/GitHub/BipedRobot/STM32_Diablo_Robot_Source/.ai/run/run-3/AI/App/network.c:641:18:stai_network_set_inputs	16	static
C:/Users/jon/OneDrive - Univerza v Mariboru/Dokumenti/GitHub/BipedRobot/STM32_Diablo_Robot_Source/.ai/run/run-3/AI/App/network.c:668:18:stai_network_set_outputs	16	static
C:/Users/jon/OneDrive - Univerza v Mariboru/Dokumenti/GitHub/BipedRobot/STM32_Diablo_Robot_Source/.ai/run/run-3/AI/App/network.c:695:18:stai_network_set_states	8	static
C:/Users/jon/OneDrive - Univerza v Mariboru/Dokumenti/GitHub/BipedRobot/STM32_Diablo_Robot_Source/.ai/run/run-3/AI/App/network.c:709:18:stai_network_set_callback	12	static
