C:/Users/jon/OneDrive - Univerza v Mariboru/Dokumenti/GitHub/BipedRobot/STM32_Diablo_Robot_Source/.ai/run/run-3/Core/Src/stm32f4xx_hal_msp.c:63:6:HAL_MspInit	8	static
C:/Users/jon/OneDrive - Univerza v Mariboru/Dokumenti/GitHub/BipedRobot/STM32_Diablo_Robot_Source/.ai/run/run-3/Core/Src/stm32f4xx_hal_msp.c:88:6:HAL_UART_MspInit	48	static
C:/Users/jon/OneDrive - Univerza v Mariboru/Dokumenti/GitHub/BipedRobot/STM32_Diablo_Robot_Source/.ai/run/run-3/Core/Src/stm32f4xx_hal_msp.c:132:6:HAL_UART_MspDeInit	0	static
