C:/Users/jon/OneDrive - Univerza v Mariboru/Dokumenti/GitHub/BipedRobot/STM32_Jumping_Robot_VS_Code_Project/Diablo_robot_source/Core/Src/main.c:153:6:SystemClock_Config	3
C:/Users/jon/OneDrive - Univerza v Mariboru/Dokumenti/GitHub/BipedRobot/STM32_Jumping_Robot_VS_Code_Project/Diablo_robot_source/Core/Src/main.c:95:5:main	14
C:/Users/jon/OneDrive - Univerza v Mariboru/Dokumenti/GitHub/BipedRobot/STM32_Jumping_Robot_VS_Code_Project/Diablo_robot_source/Core/Src/main.c:651:6:HAL_CAN_RxFifo0MsgPendingCallback	1
C:/Users/jon/OneDrive - Univerza v Mariboru/Dokumenti/GitHub/BipedRobot/STM32_Jumping_Robot_VS_Code_Project/Diablo_robot_source/Core/Src/main.c:656:6:HAL_UART_RxCpltCallback	1
C:/Users/jon/OneDrive - Univerza v Mariboru/Dokumenti/GitHub/BipedRobot/STM32_Jumping_Robot_VS_Code_Project/Diablo_robot_source/Core/Src/main.c:661:6:HAL_UARTEx_RxEventCallback	1
C:/Users/jon/OneDrive - Univerza v Mariboru/Dokumenti/GitHub/BipedRobot/STM32_Jumping_Robot_VS_Code_Project/Diablo_robot_source/Core/Src/main.c:666:6:HAL_TIM_PeriodElapsedCallback	1
C:/Users/jon/OneDrive - Univerza v Mariboru/Dokumenti/GitHub/BipedRobot/STM32_Jumping_Robot_VS_Code_Project/Diablo_robot_source/Core/Src/main.c:671:6:HAL_UART_TxCpltCallback	1
C:/Users/jon/OneDrive - Univerza v Mariboru/Dokumenti/GitHub/BipedRobot/STM32_Jumping_Robot_VS_Code_Project/Diablo_robot_source/Core/Src/main.c:682:6:Error_Handler	1
