C:/Users/jon/OneDrive - Univerza v Mariboru/Dokumenti/GitHub/BipedRobot/STM32_Jumping_Robot_VS_Code_Project/Diablo_robot_source/Core/Src/stm32f4xx_hal_msp.c:72:6:HAL_MspInit	8	static
C:/Users/jon/OneDrive - Univerza v Mariboru/Dokumenti/GitHub/BipedRobot/STM32_Jumping_Robot_VS_Code_Project/Diablo_robot_source/Core/Src/stm32f4xx_hal_msp.c:97:6:HAL_CAN_MspInit	40	static
C:/Users/jon/OneDrive - Univerza v Mariboru/Dokumenti/GitHub/BipedRobot/STM32_Jumping_Robot_VS_Code_Project/Diablo_robot_source/Core/Src/stm32f4xx_hal_msp.c:137:6:HAL_CAN_MspDeInit	8	static
C:/Users/jon/OneDrive - Univerza v Mariboru/Dokumenti/GitHub/BipedRobot/STM32_Jumping_Robot_VS_Code_Project/Diablo_robot_source/Core/Src/stm32f4xx_hal_msp.c:168:6:HAL_I2C_MspInit	56	static
C:/Users/jon/OneDrive - Univerza v Mariboru/Dokumenti/GitHub/BipedRobot/STM32_Jumping_Robot_VS_Code_Project/Diablo_robot_source/Core/Src/stm32f4xx_hal_msp.c:213:6:HAL_I2C_MspDeInit	8	static
C:/Users/jon/OneDrive - Univerza v Mariboru/Dokumenti/GitHub/BipedRobot/STM32_Jumping_Robot_VS_Code_Project/Diablo_robot_source/Core/Src/stm32f4xx_hal_msp.c:244:6:HAL_SPI_MspInit	56	static
C:/Users/jon/OneDrive - Univerza v Mariboru/Dokumenti/GitHub/BipedRobot/STM32_Jumping_Robot_VS_Code_Project/Diablo_robot_source/Core/Src/stm32f4xx_hal_msp.c:297:6:HAL_SPI_MspDeInit	8	static
C:/Users/jon/OneDrive - Univerza v Mariboru/Dokumenti/GitHub/BipedRobot/STM32_Jumping_Robot_VS_Code_Project/Diablo_robot_source/Core/Src/stm32f4xx_hal_msp.c:329:6:HAL_TIM_Base_MspInit	16	static
C:/Users/jon/OneDrive - Univerza v Mariboru/Dokumenti/GitHub/BipedRobot/STM32_Jumping_Robot_VS_Code_Project/Diablo_robot_source/Core/Src/stm32f4xx_hal_msp.c:368:6:HAL_TIM_Base_MspDeInit	0	static
C:/Users/jon/OneDrive - Univerza v Mariboru/Dokumenti/GitHub/BipedRobot/STM32_Jumping_Robot_VS_Code_Project/Diablo_robot_source/Core/Src/stm32f4xx_hal_msp.c:407:6:HAL_UART_MspInit	80	static
C:/Users/jon/OneDrive - Univerza v Mariboru/Dokumenti/GitHub/BipedRobot/STM32_Jumping_Robot_VS_Code_Project/Diablo_robot_source/Core/Src/stm32f4xx_hal_msp.c:628:6:HAL_UART_MspDeInit	8	static
