C:/Users/jon/OneDrive - Univerza v Mariboru/Dokumenti/GitHub/BipedRobot/STM32_Jumping_Robot_VS_Code_Project/Diablo_robot_source/Core/Src/system_init.c:46:13:ZeroCybergearMotor.isra	8	static
C:/Users/jon/OneDrive - Univerza v Mariboru/Dokumenti/GitHub/BipedRobot/STM32_Jumping_Robot_VS_Code_Project/Diablo_robot_source/Core/Src/system_init.c:40:13:EnableCybergearMotor.isra	8	static
C:/Users/jon/OneDrive - Univerza v Mariboru/Dokumenti/GitHub/BipedRobot/STM32_Jumping_Robot_VS_Code_Project/Diablo_robot_source/Core/Src/system_init.c:23:6:System_Init	8	static
