C:/Users/jon/OneDrive - Univerza v Mariboru/Dokumenti/GitHub/BipedRobot/STM32_Diablo_Robot_Source/.ai/run/run-3/Core/Src/main.c:114:6:SystemClock_Config	88	static,ignoring_inline_asm
C:/Users/jon/OneDrive - Univerza v Mariboru/Dokumenti/GitHub/BipedRobot/STM32_Diablo_Robot_Source/.ai/run/run-3/Core/Src/main.c:67:5:main	48	static
C:/Users/jon/OneDrive - Univerza v Mariboru/Dokumenti/GitHub/BipedRobot/STM32_Diablo_Robot_Source/.ai/run/run-3/Core/Src/main.c:169:6:MX_USART2_UART_Init	8	static,ignoring_inline_asm
C:/Users/jon/OneDrive - Univerza v Mariboru/Dokumenti/GitHub/BipedRobot/STM32_Diablo_Robot_Source/.ai/run/run-3/Core/Src/main.c:244:6:Error_Handler	0	static,ignoring_inline_asm
